Total signals: 630
Changed: 136

Transition summary:
  unspecified->short: 136

Detailed changes:

[0] post_n=4 unspecified->short [bearish/moderate]: 笑话，美联储降息，大A就会上涨,这是狗屁逻辑。大A要能涨的话，猪都能上树。不出意外的话，利好兑现，跟着欧美一起往下。跟跌不跟涨，方显大A本色。... (2024-09-19)
[13] post_n=1 unspecified->short [bullish/moderate]: 神机认为10点半以后，主力就会大幅买入，指数拉升。... (2025-11-20)
[14] post_n=0 unspecified->short [bullish/moderate]: 不过不管怎么样，神机肯定是看好后市的。不卖，一股不卖，肯定不卖。... (2025-11-20)
[27] post_n=13 unspecified->short [bullish/moderate]: 今天只是反转的开始，格局大一点，后面会有一轮很大的行情。... (2025-11-24)
[39] post_n=12 unspecified->short [bullish/moderate]: 大盘不知不觉已经6连阳了。虽然每天的涨幅都不大，但这是底部要反转的一个信号。主力很大可能在这个点位已经完成吸筹，随时准备大幅拉伸。所以目前的这个位置，一定不要盲目杀跌了。... (2025-12-01)
[47] post_n=4 unspecified->short [bearish/moderate]: 早上开盘高开低走，极速下跌却没有放量，这不是一个好的现象，有进一步大跌的可能。... (2025-12-04)
[51] post_n=13 unspecified->short [bullish/moderate]: 现在正是大A扬帆起航的时刻，说要跌是脑子进水了。神机还是满仓持股待涨。... (2025-12-06)
[54] post_n=10 unspecified->short [bullish/strong]: 今天到顶了吗？居然有人在问。真是可笑，现在才刚刚开始上涨。不到4500点不要问这个话，否则神机觉得你就是个傻子。... (2025-12-08)
[84] post_n=3 unspecified->short [bullish/strong]: 简单一句话，那就是一路向上，中间有震荡，但上行趋势不改。元旦之前，大盘会站上4000点。... (2025-12-22)
[106] post_n=10 unspecified->short [bullish/strong]: 又是大涨的一天，前途真是一片光明啊。不是神机老王卖瓜自卖自夸，就问你们服不服？谁在一个月之前就说冲上4000？是我神机。神机出手，一剑封喉，一击必中，这不是牛皮，这是铁一般的现实。神机今天又加了一部分仓位，达到12成了，向4500挺进。... (2026-01-06)
[115] post_n=14 unspecified->short [bullish/moderate]: 大盘今天还得向上。盘中可能会有一波调整，但收盘还会红。... (2026-01-15)
[127] post_n=12 unspecified->short [bullish/moderate]: 神机点睛:压盘愈烈，题材股报复性反弹近在眼前... (2026-01-28)
[131] post_n=9 unspecified->short [bullish/strong]: 神机继续看好大盘上4500点。大家不要以讹传讹，说神机空仓了。清仓空仓是为了更好的满仓。今天下午就满上了，大家一起继续奋斗。... (2026-02-03)
[142] post_n=0 unspecified->short [bullish/strong]: 今天高举高打的概率高达90%，根本不用疑神疑鬼。外围全线回暖，情绪、节奏、氛围全都到位，大A这波就是要顺势往上冲，不给空头留太多机会。... (2026-02-09)
[146] post_n=3 unspecified->short [bullish/moderate]: 神机坚定看好下午行情，大盘指数有望成功翻红，我手里的证券股也会更上一层楼，继续向上发力！... (2026-02-10)
[147] post_n=2 unspecified->short [bullish/moderate]: 等春节长假过后，资金回流、情绪回暖，市场大概率迎来放量修复行情，真正的机会，藏在春暖花开的节后。... (2026-02-10)
[167] post_n=7 unspecified->short [bullish/moderate]: 神鸡认为，这波非理性杀跌已基本到位，短期风险快速释放后，市场将逐步企稳修复，后续重心慢慢向上，不必过度悲观。... (2026-03-02)
[175] post_n=6 unspecified->short [bullish/moderate]: 暴跌已到位，静待冲突缓和，耐心持股等反弹... (2026-03-04)
[177] post_n=3 unspecified->short [bullish/moderate]: 大盘有望高开高走，迎来报复性反弹，普涨行情可期... (2026-03-05)
[182] post_n=10 unspecified->short [bullish/moderate]: 低开高走+缩量上涨，超跌反弹正式启动，坚定持股待涨！... (2026-03-06)
[185] post_n=8 unspecified->short [bullish/moderate]: 早盘亚太股市全线重挫，市场避险情绪急剧升温，大A大幅低开已成定局。但大家不必恐慌，指数有政策托底与流动性支撑，难出现单边暴跌。... (2026-03-09)
[186] post_n=6 unspecified->short [bullish/moderate]: 市场最恐慌的时候已经过去，接下来行情将进入稳步修复阶段。... (2026-03-09)
[187] post_n=5 unspecified->short [bullish/strong]: 今日洗盘，后市必冲4500！...之前反复强调的4500点，不是预判，是必然！现在的震荡，都是为后面的主升浪铺路。别被洗下车，拿稳手中筹码，坚定看多，后市必有大肉！... (2026-03-09)
[191] post_n=12 unspecified->short [bullish/moderate]: 神机午盘坚定发声:主力刻意砸盘，科技必将V型反转！... (2026-03-12)
[192] post_n=8 unspecified->short [bullish/moderate]: 神机重磅早评:原油开跌！科技大反攻，人形机器人暴力反弹！... (2026-03-13)
[204] post_n=10 unspecified->short [bullish/moderate]: 神机坚定看好今天的行情，更看好后续的整体走势！... (2026-03-16)
[230] post_n=1 unspecified->short [bullish/moderate]: 只要放量杀跌一出现，后面必有修复反弹。现在不追、不慌、不割肉，耐心等放量拐点，机会就在恐慌之后。... (2026-03-23)
[233] post_n=12 unspecified->short [bullish/moderate]: 熬过低谷，才有高峰。稳住，我们等反弹，等反转，等柳暗花明那一天！... (2026-03-23)
[236] post_n=8 unspecified->short [bullish/strong]: 从今天起，神机正式宣布：只看多，不看空，立场坚定不动摇！... (2026-03-24)
[240] post_n=2 unspecified->short [bullish/moderate]: 高油价从来不是A股的朋友，只会推升通胀、压制行情，只有地缘降温、油价企稳，市场才有真正的上涨底气。... (2026-03-25)
[241] post_n=1 unspecified->short [bullish/moderate]: 日韩股市提前大涨，大A也跟着发力，做多的势头终于起来了，这波行情绝不能错过。... (2026-03-25)
[247] post_n=8 unspecified->short [bullish/moderate]: 咱们既然看好后市，目标直指4500点、向往5000点，眼下这点震荡、这点回撤，又有什么好畏惧的？... (2026-03-26)
[250] post_n=3 unspecified->short [bullish/moderate]: 眼下这个位置，谁敢盲目看空谁就等着拍大腿！套牢怕啥，丑媳妇早晚熬成婆，死拿不动就完事儿！... (2026-03-27)
[255] post_n=7 unspecified->short [bullish/moderate]: 这点亏损只是暂时的，只是行情路上的小波折，神机依旧坚定看好后市。现在亏出去的每一分，后面市场都会加倍还回来，熬住这波阵痛，反弹只会迟到不会缺席，咱们等着回血反转的时刻！... (2026-03-30)
[261] post_n=13 unspecified->short [bearish/strong]: 短期我依旧强烈不看好，现在就留一成仓，拿的也是低位低价的票，不追高、不硬扛。... (2026-03-31)
[262] post_n=11 unspecified->short [bearish/moderate]: 当前美伊冲突仍悬而未决，地缘局势不明朗，市场随时可能再起波澜。清明假期在即，休市期间外盘变数极大，此时入场无异于火中取栗，看似有反弹机会，实则暗藏陷阱。... (2026-04-01)
[266] post_n=6 unspecified->short [bearish/moderate]: 我早就说过，外部冲突未平息之前，大盘难有真正起色。哪怕外围全线大涨，大A依旧高开低走、我行我素，短期根本不具备大行情基础。... (2026-04-01)
[271] post_n=13 unspecified->short [bearish/moderate]: 真正的信号只有一个：等特朗普和伊朗真正坐下来和谈，签下正式协议，美军彻底退兵，局势彻底明朗，我才会考虑进场。在此之前，任何冲高都是虚火，追进去只会里外不是人。... (2026-04-02)
[273] post_n=11 unspecified->short [bearish/moderate]: 眼下股市风云突变，涨少跌多是常态，看似反弹，实则暗藏杀机，冲动进场很容易接飞刀。... (2026-04-03)
[274] post_n=9 unspecified->short [bearish/moderate]: 只要高位科技股没有完成补跌，大盘就不可能真正止跌。后面行情怎么走，其实很清晰，至少还要经历几轮像样的大跌，指数才有可能慢慢磨出企稳信号。... (2026-04-03)
[277] post_n=4 unspecified->short [bearish/moderate]: 节后开盘，市场大概率还要继续下探，别抱有侥幸心理。... (2026-04-04)
[278] post_n=3 unspecified->short [bearish/moderate]: 只有当绝大多数人亏损实打实突破40%，不是短暂回撤，而是深套无解，从心存侥幸到麻木不仁，再到彻底绝望恐惧，磨掉最后一丝倔强，向命运低头，向主力缴械投降，挥泪割肉离场，那才是市场真正的底部信号。... (2026-04-04)
[288] post_n=14 unspecified->short [bullish/moderate]: 神机判断，这种情况下可以短线抄底，搏一个一两天的快速反弹，快进快出，不恋战。... (2026-04-07)
[292] post_n=10 unspecified->short [bullish/moderate]: 我不敢说大盘百分百向上，但修复3月份大跌、震荡走高是大概率。... (2026-04-08)
[293] post_n=9 unspecified->short [bullish/moderate]: 接下来行情难免有震荡，但整体上行趋势根本不会变，大家多一点耐心，后面必然有一波大行情在等着我们，坐稳了！... (2026-04-08)
[298] post_n=4 unspecified->short [bullish/moderate]: 接下来，大盘短期依旧向上，个股行情会更加精彩纷呈，短暂调整根本不足为惧。... (2026-04-08)
[308] post_n=6 unspecified->short [bullish/strong]: 开盘前神鸡坚定看多：目标4500，行情长牛开启... (2026-04-10)
[321] post_n=2 unspecified->short [bullish/moderate]: 今天盘面剧本很清晰：开盘前几分钟大概率就是全天最低点，盲目割肉只会割在地板上，纯纯给主力送筹码！指数探底后必然会逐步拉回，资金会抓住低开机会回流，恐慌盘一出，反弹就会接踵而至。... (2026-04-13)
[323] post_n=0 unspecified->short [bullish/moderate]: 短期这波凶险的调整算是彻底躲过去了，后续市场基本就是震荡行情，走小阴小阳的走势，不会有大起大落。... (2026-04-13)
[327] post_n=10 unspecified->short [bullish/strong]: 今观市势，大势已定，大涨之局，无可逆转！... (2026-04-14)
[331] post_n=3 unspecified->short [bullish/strong]: 股市接下来必然迎来暴力反弹，这是板上钉钉的事！... (2026-04-15)
[340] post_n=8 unspecified->short [bearish/moderate]: 预计市场大概率走出冲高回落的走势，收出长上影线。... (2026-04-16)
[343] post_n=4 unspecified->short [bullish/moderate]: 坚定看多后市，拿住筹码、大胆布局，后续行情必然会持续上行，耐心守住就能收获行情红利！... (2026-04-17)
[351] post_n=8 unspecified->short [bearish/moderate]: 今日A股很大概率彻底陷入情绪杀，盘面一片惨淡，除了原油、化工等能源相关板块能逆势走强，其余绝大多数板块，都要集体计提3-4个点的跌幅，股民迎来无比悲催的一天。... (2026-04-20)
[354] post_n=0 unspecified->short [bearish/moderate]: 一旦冲突爆发，资本市场第一反应就是避险，A股必然迎来一轮快速暴跌，前期积攒的反弹成果会快速回吐，追高的资金会直接被套，这不是危言耸听，是资本市场的铁律。... (2026-04-21)
[356] post_n=11 unspecified->short [bearish/moderate]: 一旦局势升温，市场恐慌情绪会快速蔓延，A股大概率迎来一波恐慌性大跌。... (2026-04-21)
[358] post_n=8 unspecified->short [bearish/moderate]: 今天盘面情绪极大概率与昨日如出一辙，很多个股还会继续承压大跌。咱们的策略非常简单：喝茶看戏，耐心等待。... (2026-04-22)
[359] post_n=6 unspecified->short [bearish/moderate]: 当下行情就是纯粹的诱多走势，散户务必管住手，千万别盲目抄底，一旦出手大概率抄在山腰甚至山顶。接下来耐心等待市场大幅调整，不出现真正的普涨企稳信号，就坚决不动手，守住本金才是重中之重。... (2026-04-22)
[361] post_n=0 unspecified->short [bullish/strong]: 不等了，今天神机直接敲定方案重新布局进场干活了。之前特意停下来休整放空两天调整状态，如今整装完毕重新出发回归盘面，这次出手精准一击必中，稳稳拿下新一轮实打实20%收益落袋。... (2026-04-23)
[363] post_n=12 unspecified->short [bullish/moderate]: 不管短期盘面怎么波动，我都笃定后续必有拉升，就等着收获盈利，见证又一次完美抄底！... (2026-04-23)
[378] post_n=11 unspecified->short [bullish/moderate]: 记住我的话，今天就是新一轮行情的起点，眼下只是小荷才露尖尖角，行情才刚刚启动，根本没必要着急离场，耐心持有手中筹码，坐等后市拉升就够了！... (2026-04-27)
[384] post_n=3 unspecified->short [bullish/strong]: 对于后市，神依旧坚定看多，格局从不局限短期小行情。4500从不是终点，本轮行情长远目标直指5000关口。... (2026-04-29)
[388] post_n=14 unspecified->short [bullish/moderate]: 大A现在走的是独立行情，压根不会被外围牵着鼻子走，只会按自己的节奏稳步往上冲！... (2026-04-30)
[390] post_n=11 unspecified->short [bullish/moderate]: 对于五一节后的走势，神鸡观点十分明确，简简单单两个字：看涨！行情蓄势充分，机会已经悄然酝酿。... (2026-04-30)
[395] post_n=3 unspecified->short [bearish/moderate]: 眼下外围风险急剧升温，地缘冲突一旦再度点燃，避险情绪必将席卷全球。能源、大宗商品应声异动，各大指数承压下行已是大概率。... (2026-05-03)
[405] post_n=2 unspecified->short [bearish/moderate]: 今日上午盘面走势一目了然，市场迎来急促跳水，整个科技赛道集体走弱，板块内个股普遍收跌，这一轮科技拉升行情，短期已然临近尾声。... (2026-05-12)
[407] post_n=14 unspecified->short [bearish/moderate]: 科技板块一路单边拉升，估值早就严重透支，高位获利盘堆积如山，资金分歧越来越大，随时都会迎来一波深度大调整。... (2026-05-13)
[408] post_n=13 unspecified->short [bearish/moderate]: 此番回落并非趋势彻底终结，仅仅只是短期技术性调整而已。... (2026-05-14)
[409] post_n=12 unspecified->short [bearish/moderate]: 如今盘面大幅走弱，当下最要紧的便是管住双手，切勿盲目进场操作。眼下市场跌多涨少，贸然布局极易被套亏损，此刻最佳策略便是静心喝茶、冷眼观盘。... (2026-05-14)
[411] post_n=10 unspecified->short [bearish/strong]: 别再纠结当天盘面会怎么走，不用猜来猜去，行情走势就一个字：跌，两个字：大跌。... (2026-05-15)
[420] post_n=14 unspecified->short [bearish/moderate]: 不必抱有侥幸幻想，今日盘面注定延续弱势调整格局，情绪退潮已是定数。... (2026-05-19)
[422] post_n=12 unspecified->short [bearish/strong]: 短期内，神鸡的态度没得商量，就是看空，这事不以任何人的意志为转移！... (2026-05-19)
[423] post_n=11 unspecified->short [bearish/moderate]: 但大家千万别被盘面翻红给骗了，神鸡明确表态：大盘这轮调整根本没有结束，现在只是短暂护盘修复，不是企稳反转！... (2026-05-19)
[430] post_n=12 unspecified->short [bullish/moderate]: 但今天我依旧看好大盘，不会因为一次失误就改变立场... (2026-05-22)
[445] post_n=5 unspecified->short [bullish/moderate]: 大盘磨底调整这么久，情绪早就杀到位了，空头动能基本耗尽，这波反弹行情蓄势待发... (2026-05-29)
[452] post_n=10 unspecified->short [bullish/strong]: 大家记住，科技的每一次回落，都不是出货，只是洗盘调整！短暂震荡消化浮筹过后，科技赛道必然再度强势爆发。... (2026-06-03)
[454] post_n=8 unspecified->short [bullish/moderate]: 大浪淘沙方显主线韧性，震荡洗盘改变不了大科技中长期上行逻辑。... (2026-06-03)
[456] post_n=2 unspecified->short [bearish/moderate]: 因此短期大盘大概率整体震荡走弱，多数个股跟随市场被动调整，仅有少数低估值防御标的相对抗跌，整体结构性亏钱效应会有所放大。... (2026-06-05)
[457] post_n=14 unspecified->short [bearish/moderate]: 眼下利空集中释放，短线大概率延续震荡走弱，暂时看不到快速止跌信号。... (2026-06-06)
[465] post_n=5 unspecified->short [bullish/moderate]: 急跌之后必有回弹，此刻盲目出逃，反倒容易卖在地板价，白白错失后续修复行情。与其慌慌张张追着止损，不如稳稳卧倒持仓，静观盘面变化。短期大跌只是市场情绪作祟，并非基本面彻底崩塌。耐心拿住，等恐慌散去，反弹自然会如约而至。... (2026-06-08)
[466] post_n=4 unspecified->short [bearish/moderate]: 现在这盘面太明显：高位科技抛压根本没出清，反弹全是减仓机会，承接弱得一塌糊涂。上午拉上去站不住，下午大概率继续震荡走弱，没量没接力，多头根本抬不起头。... (2026-06-08)
[470] post_n=11 unspecified->short [bearish/moderate]: 从现在开始，神鸡暂时不看好科技板块了。反观那些低位的老登股，我觉得性价比慢慢出来了，可以慢慢纳入观察，后续择机小仓建仓，绝不着急盲目出手！... (2026-06-10)
[472] post_n=9 unspecified->short [bearish/moderate]: 目前少数还在冲高的科技票，也都是强弩之末，只是最后的诱多行情，根本撑不住多久。与其后面深度被套，不如提前离场，这是无奈但最稳妥的选择。... (2026-06-11)
[475] post_n=6 unspecified->short [bullish/moderate]: 神鸡明确告诉大家，目前很多传统板块、低位个股已经彻底到底。接下来这段时间，就算这些票暂时不拉升上涨，底部也基本夯实，几乎没有下跌空间，安全性拉满。... (2026-06-11)
[477] post_n=3 unspecified->short [bullish/moderate]: 在我看来，接下来市场风格大概率会切换，这类老登个股会慢慢迎来修复行情。现在这个节点，与其去博弈高位题材，不如踏实布局低位品种，性价比会高出不少。... (2026-06-12)
[478] post_n=2 unspecified->short [bearish/moderate]: 目前我明确看空科技股，这波科技行情早就到头了，后续大概率会持续震荡调整、持续走弱。而且科技是当前大盘的核心权重，科技持续回调，整个大盘根本撑不住，整体行情只会反复拉扯。... (2026-06-12)
[479] post_n=1 unspecified->short [bearish/moderate]: 这走势不用多说，直接宣告科技股的短期炒作彻底告一段落。前期科技持续炒作积累了大量获利盘，借着利好出货的迹象太明显，接下来科技板块大概率迎来一波大幅调整，短线绝对不能再碰，远离就是保命！... (2026-06-12)
[480] post_n=0 unspecified->short [bearish/strong]: 我再次明确表态：科技股短期彻底没戏！ 科技的短线炒作行情已经彻底终结，接下来只会持续震荡调整。现在坚决远离高位科技，不抄底、不接盘，顺势而为，才是当下唯一的正确操作！... (2026-06-12)
[487] post_n=8 unspecified->short [bearish/moderate]: 科技股接下来要迎来长时间的调整...再往下调整两三天，接连跌掉十个点、二十个点的时候，你们就知道慌了。... (2026-06-14)
[488] post_n=7 unspecified->short [bearish/strong]: 科技连续暴涨两年...最近一周行情肉眼可见的疲软...这就是主力出货最明显的信号！...等到后续悄无声息跌三四十个点...... (2026-06-14)
[490] post_n=5 unspecified->short [bearish/moderate]: 午后行情大概率就会掉头下行，抛压会逐步释放。... (2026-06-15)
[493] post_n=0 unspecified->short [bearish/moderate]: 昨天一窝蜂冲高位科技股的散户，今天大概率要挨狠狠一锤！...开盘大幅低开基本是定局。... (2026-06-16)
[494] post_n=10 unspecified->short [bearish/moderate]: 这波调整才刚拉开序幕，远远没到企稳的地步。接下来几个交易日，很容易走出泥沙俱下的普跌行情，不管是强势股还是弱势票，都很难独善其身。... (2026-06-17)
[496] post_n=7 unspecified->short [bearish/moderate]: 高位科技股根本不是机会，是陷阱！这波持续拉升，就是主力最后的疯狂出货行情，别傻乎乎追高接盘。没有任何板块能一直涨，科技这波涨幅早已透支预期，筹码全是获利盘，随时会迎来大幅回调。... (2026-06-18)
[500] post_n=12 unspecified->short [bearish/moderate]: 一旦主力资金集体出逃，随时会迎来一波快速、幅度较大的调整。... (2026-06-21)
[502] post_n=10 unspecified->short [bullish/moderate]: 今早开盘扫了一眼日韩市场的走势，格局已经摆得明明白白，不用多想，今天A股科技板块大概率又是强势冲高的一天。... (2026-06-22)
[504] post_n=6 unspecified->short [bullish/moderate]: 后续市场的主线，必然是老登股持续发力、稳步走高。... (2026-06-22)
[505] post_n=5 unspecified->short [bearish/moderate]: 科技股这一轮下跌，才刚刚拉开序幕。... (2026-06-22)
[507] post_n=1 unspecified->short [bearish/moderate]: 一旦高位科技这波行情宣告落幕，资金集中出逃，势必会拖累场内绝大多数个股跟随调整，调整周期不会太短，短期很难快速反弹修复。... (2026-06-23)
[511] post_n=11 unspecified->short [bearish/strong]: 不出意外，上午冲高的科技盘面，下午绝对要变脸。... (2026-06-24)
[519] post_n=13 unspecified->short [bearish/strong]: 我把话放这里，当下大盘已经有效跌破趋势线，整体大势彻底走弱。唯独科技股高位悬空、高高在上，风险完全透支，我没有任何理由看好后续行情。... (2026-06-26)
[520] post_n=11 unspecified->short [bearish/moderate]: 所以老登股短期还有调整空间，必须跌透、情绪充分释放，才会有像样修复。坚守我的观点，现在多看少动，别着急抄底任何方向，耐心等市场企稳信号。... (2026-06-26)
[527] post_n=3 unspecified->short [bearish/moderate]: 神机直言，周末科技板块利好集体疯狂发酵，各位散户务必保持清醒！所谓光模块出货量暴涨百倍、电子行业全线满产满销，听着震天利好，实则是主力精心布下的诱多圈套。... (2026-06-28)
[529] post_n=1 unspecified->short [bearish/moderate]: 科技这波行情基本走到头，后续整体下行是大概率事件，重仓追高的人，最后只会深套站岗。... (2026-06-28)
[534] post_n=9 unspecified->short [bearish/strong]: 大盘大趋势根本没稳住，后续必然还要继续下跌，尤其是科技股，风险更是巨大无比！... (2026-06-29)
[535] post_n=8 unspecified->short [bearish/strong]: 大盘整体趋势已经彻底走坏，明确向下，接下来必然迎来一波时间不短的深度调整，现在远远没到底部，抄底就是送钱。... (2026-06-29)
[543] post_n=12 unspecified->short [bearish/moderate]: 接下来大概率是早盘直接低开走弱，老登股避险逻辑短期失效，先跟随大盘杀一波。... (2026-07-02)
[545] post_n=8 unspecified->short [bearish/strong]: 告诉你们实话，这两天的下跌仅仅只是开胃小菜！高位科技股后续还有大把调整空间，后面只会跌得更凶，千万不要抱有侥幸心理、盲目抄底补仓。... (2026-07-02)
[552] post_n=1 unspecified->short [bullish/moderate]: 按当前盘面资金流向来看，不出意外下午创新药会继续强势走高、节节攀升，反观高位抱团的半导体板块抛压会持续释放，走出断崖式回落的走势。... (2026-07-10)
[561] post_n=7 unspecified->short [bullish/moderate]: 神机我直接把下午行情预判摆在这，午后创新药大概率集体爆发，带动大盘走出一波全面反弹，多数个股都会跟着修复回血。... (2026-07-14)
[567] post_n=5 unspecified->short [bearish/moderate]: 今天开盘大概率会借着利好惯性冲高，但上方积压了大量套牢盘，抛压很重，冲高后很容易震荡回落... (2026-07-20)
[570] post_n=6 unspecified->short [bearish/moderate]: 所以今天大概率还是老登股撑场面，半导体继续磨底调整！... (2026-07-21)
[571] post_n=5 unspecified->short [bullish/moderate]: 不出意外，等高位筹码充分换手、资金重新聚焦新质生产力之后，这波被错杀的低位科技股，大概率会迎来一波暴力修复反弹... (2026-07-21)
[576] post_n=4 unspecified->short [bearish/moderate]: 接下来高位科技持续承压下行，很大概率会拖累指数一起走弱。... (2026-07-24)
[579] post_n=1 unspecified->short [bearish/moderate]: 这波下跌仅仅只是开端，现在才正式开启第二浪调整。... (2026-07-24)
[580] post_n=0 unspecified->short [bearish/moderate]: 眼下这轮下跌只是开端，半导体、CPO依旧是调整主力军，绝大多数板块很难独善其身。... (2026-07-24)
[584] post_n=10 unspecified->short [bearish/strong]: 这一轮下跌远远没有收尾，眼下仅仅只是起步阶段，后续的阴跌杀跌行情只会让人愈发胆战心惊。... (2026-07-24)
[587] post_n=6 unspecified->short [bearish/moderate]: 当下市场调整远没有结束，半导体、CPO持续承压，各大板块泥沙俱下，短线不存在快速反攻回本的机会。... (2026-07-25)
[589] post_n=3 unspecified->short [bearish/moderate]: 当下大盘调整周期还没走完，高位半导体、CPO下跌空间仍在，低位板块也只是小幅抗跌，下半年想要赚到额外收益，依旧要管住手、耐心等底部机会，杜绝冲动追高，稳步低吸操作，才能稳步拉高全年收益。... (2026-07-26)
[593] post_n=14 unspecified->short [bearish/moderate]: 按照我的预估，科技板块整体再调整20%至30%，风险才算充分释放，届时才会出现性价比不错的布局窗口。... (2026-07-27)
[596] post_n=9 unspecified->short [bearish/moderate]: 当前这个位置风险依旧潜伏，本轮反弹持续性存疑，大盘随时转头向下调整。我的观点保持不变，这仅仅是下跌途中的修复行情，后市调整尚未结束。... (2026-07-27)
[597] post_n=7 unspecified->short [bearish/moderate]: 我的判断没有改变，后市大盘调整进程并未终结，依旧存在下行空间。... (2026-07-27)
[598] post_n=6 unspecified->short [bearish/moderate]: 眼下这轮反弹只是下跌中继，远远没到安心布局的底部区间。... (2026-07-27)
[600] post_n=3 unspecified->short [bearish/moderate]: 日韩股市出现大幅暴跌，亚太市场恐慌情绪扩散，今天A股很难走出独立行情，大概率迎来泥沙俱下的一天。... (2026-07-28)
[601] post_n=2 unspecified->short [bearish/moderate]: 外围连续重挫带来情绪冲击，系统性下跌来袭之时，很少有板块能够独善其身。前一日的反弹终究只是下跌中继，盲目乐观很容易被突如其来的调整重击。... (2026-07-28)
[603] post_n=0 unspecified->short [bearish/moderate]: 今日的下跌只是调整过程中的一环，并非底部信号，千万不要急于进场接飞刀。... (2026-07-28)
[604] post_n=14 unspecified->short [bearish/moderate]: 目前大盘调整远远没有结束，半导体、CPO为首的高位科技股调整压力依旧巨大，现在远远没到抄底时机。... (2026-07-28)
[606] post_n=9 unspecified->short [bearish/strong]: 前期大幅暴涨的高位科技股，至少还有30%左右的回调空间。... (2026-07-28)
[607] post_n=7 unspecified->short [bearish/moderate]: 大的调整趋势没有发生改变，大盘后续依旧还有下行空间，压力尤其集中在双创板块。... (2026-07-29)
[608] post_n=6 unspecified->short [bearish/strong]: 当前盘面信号十分清晰，大盘远远没有止跌企稳，半导体为首的高位科技股调整更是没有结束。大的下行趋势确立，后续市场大概率依旧是泥沙俱下的格局。... (2026-07-29)
[611] post_n=3 unspecified->short [bullish/moderate]: 市场底部从来不是一蹴而就形成的，反复震荡、不断试探是常态。短暂的波动不足以改变中长期方向，不必被盘中的调整打乱心态。... (2026-07-29)
[614] post_n=0 unspecified->short [bullish/moderate]: 大盘经过持续调整，底部区域逐步显现，后市有望迎来趋势反转。... (2026-07-29)
[615] post_n=14 unspecified->short [bullish/moderate]: 大盘底部信号逐步清晰，后市行情将慢慢转入上行通道... (2026-07-29)
[617] post_n=10 unspecified->short [bullish/moderate]: 在我看来，今天存在否极泰来的机会，整体偏向看涨。... (2026-07-30)
[628] post_n=1 unspecified->short [bearish/moderate]: 本轮创业板高点摸到4380点，按照0.618回撤测算，这一轮调整目标大致落在2700点附近。换算下来，创业板指数依旧还有大约20%的下行空间... (2026-08-01)
[629] post_n=0 unspecified->short [bearish/moderate]: 神机判断，指数后续还有下行空间，主板预计还有10%调整幅度，创业板调整空间更大，大概还有20%。... (2026-08-01)
